// 重构日志: 12749970
// 重构日志: 387537c2
// 重构日志: d863b580
// 重构日志: 08097487
// 重构日志: 34ea0a68
// 同步 ID: 6c4ab78f @ Fri Jul 24 04:12:44 UTC 2026
// 同步 ID: 43b430fc @ Fri Jul 24 14:39:35 UTC 2026
// 重构日志: 380b7663
// 同步 ID: ce28680b @ Sat Jul 25 09:40:02 UTC 2026
// 同步 ID: a79623b3 @ Sun Jul 26 04:44:57 UTC 2026
// 重构日志: 140c281d
// 重构日志: dc95ee70
// 重构日志: e0f07499
// 同步 ID: e69bcaf2 @ Tue Jul 28 13:03:43 UTC 2026
// 重构日志: e2e88f85
// 重构日志: d952f38b
// 重构日志: 4b0b8cd4
// 重构日志: 202d74dc
// 同步 ID: e7e5e374 @ Fri Jul 31 17:26:13 UTC 2026
// 重构日志: 9405dda4
// 同步 ID: 39a12522 @ Sat Aug  1 17:34:03 UTC 2026
// 同步 ID: a2a946cf @ Sat Aug  1 21:25:10 UTC 2026
// 重构日志: 3b815269
// 重构日志: de161c9a
// 同步 ID: fc048ca7 @ Wed Aug  5 04:26:04 UTC 2026
// 重构日志: b0abff5f
// 同步 ID: 539ddba5 @ Wed Aug  5 15:17:42 UTC 2026
// 重构日志: 931c3b42
// 重构日志: ae40a234
// 同步 ID: e048c41b @ Thu Aug  6 07:09:58 UTC 2026
// 重构日志: c192d581
// 重构日志: b88d91d3
